  Determining projects to restore...
  All projects are up-to-date for restore.
  ImageCompressor.Library -> D:\Mahesh\MyCode\Hackathon\ImageCompressor\ImageCompressor.Library\bin\Debug\net9.0\ImageCompressor.Library.dll
  ImageCompressor.WebApp -> D:\Mahesh\MyCode\Hackathon\ImageCompressor\ImageCompressor.WebApp\bin\Debug\net9.0\ImageCompressor.WebApp.dll
D:\Mahesh\MyCode\Hackathon\ImageCompressor\ImageCompressor.Api\Controllers\CompressController.cs(40,23): warning CS8618: Non-nullable property 'ImageUrl' must contain a non-null value when exiting constructor. Consider adding the 'required' modifier or declaring the property as nullable. [D:\Mahesh\MyCode\Hackathon\ImageCompressor\ImageCompressor.Api\ImageCompressor.Api.csproj]
  ImageCompressor.Api -> D:\Mahesh\MyCode\Hackathon\ImageCompressor\ImageCompressor.Api\bin\Debug\net9.0\ImageCompressor.Api.dll

Build succeeded.

D:\Mahesh\MyCode\Hackathon\ImageCompressor\ImageCompressor.Api\Controllers\CompressController.cs(40,23): warning CS8618: Non-nullable property 'ImageUrl' must contain a non-null value when exiting constructor. Consider adding the 'required' modifier or declaring the property as nullable. [D:\Mahesh\MyCode\Hackathon\ImageCompressor\ImageCompressor.Api\ImageCompressor.Api.csproj]
    1 Warning(s)
    0 Error(s)

Time Elapsed 00:00:09.57

Workload updates are available. Run `dotnet workload list` for more information.
